// Jest Snapshot v1, https://goo.gl/fbAQLP

exports[`Test App Component App component should match with snapshot 1`] = `
Object {
  "asFragment": [Function],
  "baseElement": <body>
    <div>
      <div>
        <nav
          class="nav-menu"
        >
          <div
            class="logo-title"
          >
            <img
              alt="planet-logo"
              class="app-logo"
              src="planet.png"
            />
            <h1>
              Space Travelers Hub
            </h1>
          </div>
          <div>
            <ul
              class="nav-links"
            >
              <li>
                <a
                  aria-current="page"
                  class="active"
                  href="/"
                  style="text-decoration: underline; color: blue;"
                >
                  Rockets
                </a>
              </li>
              <li>
                <a
                  class=""
                  href="/missions"
                  style="text-decoration: none; color: blue;"
                >
                  Missions
                </a>
              </li>
              <li>
                <a
                  class=""
                  href="/profile"
                  style="text-decoration: none; color: blue;"
                >
                  My Profile
                </a>
              </li>
            </ul>
          </div>
        </nav>
        <main />
      </div>
      <div />
    </div>
  </body>,
  "container": <div>
    <div>
      <nav
        class="nav-menu"
      >
        <div
          class="logo-title"
        >
          <img
            alt="planet-logo"
            class="app-logo"
            src="planet.png"
          />
          <h1>
            Space Travelers Hub
          </h1>
        </div>
        <div>
          <ul
            class="nav-links"
          >
            <li>
              <a
                aria-current="page"
                class="active"
                href="/"
                style="text-decoration: underline; color: blue;"
              >
                Rockets
              </a>
            </li>
            <li>
              <a
                class=""
                href="/missions"
                style="text-decoration: none; color: blue;"
              >
                Missions
              </a>
            </li>
            <li>
              <a
                class=""
                href="/profile"
                style="text-decoration: none; color: blue;"
              >
                My Profile
              </a>
            </li>
          </ul>
        </div>
      </nav>
      <main />
    </div>
    <div />
  </div>,
  "debug": [Function],
  "findAllByAltText": [Function],
  "findAllByDisplayValue": [Function],
  "findAllByLabelText": [Function],
  "findAllByPlaceholderText": [Function],
  "findAllByRole": [Function],
  "findAllByTestId": [Function],
  "findAllByText": [Function],
  "findAllByTitle": [Function],
  "findByAltText": [Function],
  "findByDisplayValue": [Function],
  "findByLabelText": [Function],
  "findByPlaceholderText": [Function],
  "findByRole": [Function],
  "findByTestId": [Function],
  "findByText": [Function],
  "findByTitle": [Function],
  "getAllByAltText": [Function],
  "getAllByDisplayValue": [Function],
  "getAllByLabelText": [Function],
  "getAllByPlaceholderText": [Function],
  "getAllByRole": [Function],
  "getAllByTestId": [Function],
  "getAllByText": [Function],
  "getAllByTitle": [Function],
  "getByAltText": [Function],
  "getByDisplayValue": [Function],
  "getByLabelText": [Function],
  "getByPlaceholderText": [Function],
  "getByRole": [Function],
  "getByTestId": [Function],
  "getByText": [Function],
  "getByTitle": [Function],
  "queryAllByAltText": [Function],
  "queryAllByDisplayValue": [Function],
  "queryAllByLabelText": [Function],
  "queryAllByPlaceholderText": [Function],
  "queryAllByRole": [Function],
  "queryAllByTestId": [Function],
  "queryAllByText": [Function],
  "queryAllByTitle": [Function],
  "queryByAltText": [Function],
  "queryByDisplayValue": [Function],
  "queryByLabelText": [Function],
  "queryByPlaceholderText": [Function],
  "queryByRole": [Function],
  "queryByTestId": [Function],
  "queryByText": [Function],
  "queryByTitle": [Function],
  "rerender": [Function],
  "unmount": [Function],
}
`;
