// Jest Snapshot v1, https://goo.gl/fbAQLP

exports[`Test Missions Component rockets component should match with snapshot 1`] = `
<p>
  Loading...
</p>
`;
